exports[`Navbar container should render 1`] = `
<div
  className="outer-container">
  <span
    className="middle-container">
    <span>
      test title
    </span>
    <span
      className="mobile"
      onClick={[Function]}>
      Menu
    </span>
  </span>
  <span
    className="inner-container">
    <span
      className="link"
      onClick={[Function]}>
      <a
        onClick={[Function]}
        style={Object {}}>
        first
      </a>
    </span>
    <span
      className="link"
      onClick={[Function]}>
      <a
        onClick={[Function]}
        style={Object {}}>
        second
      </a>
    </span>
    <span
      className="link"
      onClick={[Function]}>
      <a
        onClick={[Function]}
        style={Object {}}>
        third
      </a>
    </span>
  </span>
</div>
`;

exports[`Navbar should render 1`] = `
<div
  className="outer-container">
  <span
    className="middle-container">
    <span>
      test title
    </span>
    <span
      className="mobile"
      onClick={[Function]}>
      Menu
    </span>
  </span>
  <span
    className="inner-container">
    <span
      className="link"
      onClick={[Function]}>
      <a
        onClick={[Function]}
        style={Object {}}>
        first
      </a>
    </span>
    <span
      className="link"
      onClick={[Function]}>
      <a
        onClick={[Function]}
        style={Object {}}>
        second
      </a>
    </span>
    <span
      className="link"
      onClick={[Function]}>
      <a
        onClick={[Function]}
        style={Object {}}>
        third
      </a>
    </span>
  </span>
</div>
`;
