// Jest Snapshot v1, https://goo.gl/fbAQLP

exports[`Navbar container should render 1`] = `
<div
  className="outer-container shadow"
>
  <span
    className="middle-container"
  >
    <span>
      test title
    </span>
    <div
      className="mobile hamburger"
      onClick={[Function]}
    >
      <span
        className="line"
      />
      <span
        className="line"
      />
      <span
        className="line"
      />
    </div>
  </span>
  <span
    className="inner-container"
  >
    <span
      className="link"
      onClick={[Function]}
    >
      first
    </span>
    <span
      className="link"
      onClick={[Function]}
    >
      second
    </span>
    <span
      className="link"
      onClick={[Function]}
    >
      third
    </span>
  </span>
</div>
`;

exports[`Navbar should render 1`] = `
<div
  className="outer-container shadow"
>
  <span
    className="middle-container"
  >
    <span>
      test title
    </span>
    <div
      className="mobile hamburger"
      onClick={[Function]}
    >
      <span
        className="line"
      />
      <span
        className="line"
      />
      <span
        className="line"
      />
    </div>
  </span>
  <span
    className="inner-container"
  >
    <span
      className="link"
      onClick={[Function]}
    >
      first
    </span>
    <span
      className="link"
      onClick={[Function]}
    >
      second
    </span>
    <span
      className="link"
      onClick={[Function]}
    >
      third
    </span>
  </span>
</div>
`;
